interactions:
- request:
    body: null
    headers:
      USER-AGENT: [PubNub-Python-Asyncio/4.0.4]
    method: GET
    uri: http://ps.pndsn.com/v1/channel-registration/sub-key/sub-c-33f55052-190b-11e6-bfbc-02ee2ddab7fe/channel-group/channel-groups-tornado-cg?add=channel-groups-tornado-ch
  response:
    body: {string: '{"status": 200, "message": "OK", "service": "channel-registry",
        "error": false}'}
    headers: {ACCEPT-RANGES: bytes, ACCESS-CONTROL-ALLOW-METHODS: GET, ACCESS-CONTROL-ALLOW-ORIGIN: '*',
      AGE: '0', CACHE-CONTROL: no-cache, CONNECTION: keep-alive, CONTENT-LENGTH: '79',
      CONTENT-TYPE: text/javascript; charset="UTF-8", DATE: 'Fri, 16 Dec 2016 13:51:31
        GMT', SERVER: Pubnub}
    status: {code: 200, message: OK}
    url: http://ps.pndsn.com/v1/channel-registration/sub-key/sub-c-33f55052-190b-11e6-bfbc-02ee2ddab7fe/channel-group/channel-groups-tornado-cg?add=channel-groups-tornado-ch&pnsdk=PubNub-Python-Asyncio%2F4.0.4&uuid=b33abd30-f0e6-47af-9922-bd5e2a5485eb
- request:
    body: null
    headers:
      USER-AGENT: [PubNub-Python-Asyncio/4.0.4]
    method: GET
    uri: http://ps.pndsn.com/v1/channel-registration/sub-key/sub-c-33f55052-190b-11e6-bfbc-02ee2ddab7fe/channel-group/channel-groups-tornado-cg
  response:
    body: {string: '{"status": 200, "payload": {"channels": ["channel-groups-tornado-ch"],
        "group": "channel-groups-tornado-cg"}, "service": "channel-registry", "error":
        false}'}
    headers: {ACCEPT-RANGES: bytes, ACCESS-CONTROL-ALLOW-METHODS: GET, ACCESS-CONTROL-ALLOW-ORIGIN: '*',
      AGE: '0', CACHE-CONTROL: no-cache, CONNECTION: keep-alive, CONTENT-LENGTH: '156',
      CONTENT-TYPE: text/javascript; charset="UTF-8", DATE: 'Fri, 16 Dec 2016 13:51:32
        GMT', SERVER: Pubnub}
    status: {code: 200, message: OK}
    url: http://ps.pndsn.com/v1/channel-registration/sub-key/sub-c-33f55052-190b-11e6-bfbc-02ee2ddab7fe/channel-group/channel-groups-tornado-cg?pnsdk=PubNub-Python-Asyncio%2F4.0.4&uuid=b33abd30-f0e6-47af-9922-bd5e2a5485eb
- request:
    body: null
    headers:
      USER-AGENT: [PubNub-Python-Asyncio/4.0.4]
    method: GET
    uri: http://ps.pndsn.com/v1/channel-registration/sub-key/sub-c-33f55052-190b-11e6-bfbc-02ee2ddab7fe/channel-group/channel-groups-tornado-cg/remove
  response:
    body: {string: '{"status": 200, "message": "OK", "service": "channel-registry",
        "error": false}'}
    headers: {ACCEPT-RANGES: bytes, ACCESS-CONTROL-ALLOW-METHODS: GET, ACCESS-CONTROL-ALLOW-ORIGIN: '*',
      AGE: '0', CACHE-CONTROL: no-cache, CONNECTION: keep-alive, CONTENT-LENGTH: '79',
      CONTENT-TYPE: text/javascript; charset="UTF-8", DATE: 'Fri, 16 Dec 2016 13:51:32
        GMT', SERVER: Pubnub}
    status: {code: 200, message: OK}
    url: http://ps.pndsn.com/v1/channel-registration/sub-key/sub-c-33f55052-190b-11e6-bfbc-02ee2ddab7fe/channel-group/channel-groups-tornado-cg/remove?pnsdk=PubNub-Python-Asyncio%2F4.0.4&uuid=b33abd30-f0e6-47af-9922-bd5e2a5485eb
- request:
    body: null
    headers:
      USER-AGENT: [PubNub-Python-Asyncio/4.0.4]
    method: GET
    uri: http://ps.pndsn.com/v1/channel-registration/sub-key/sub-c-33f55052-190b-11e6-bfbc-02ee2ddab7fe/channel-group/channel-groups-tornado-cg
  response:
    body: {string: '{"status": 200, "payload": {"channels": [], "group": "channel-groups-tornado-cg"},
        "service": "channel-registry", "error": false}'}
    headers: {ACCEPT-RANGES: bytes, ACCESS-CONTROL-ALLOW-METHODS: GET, ACCESS-CONTROL-ALLOW-ORIGIN: '*',
      AGE: '0', CACHE-CONTROL: no-cache, CONNECTION: keep-alive, CONTENT-LENGTH: '129',
      CONTENT-TYPE: text/javascript; charset="UTF-8", DATE: 'Fri, 16 Dec 2016 13:51:33
        GMT', SERVER: Pubnub}
    status: {code: 200, message: OK}
    url: http://ps.pndsn.com/v1/channel-registration/sub-key/sub-c-33f55052-190b-11e6-bfbc-02ee2ddab7fe/channel-group/channel-groups-tornado-cg?pnsdk=PubNub-Python-Asyncio%2F4.0.4&uuid=b33abd30-f0e6-47af-9922-bd5e2a5485eb
version: 1
