interactions:
- request:
    body: null
    headers:
      Accept-Encoding: [utf-8]
      User-Agent: [PubNub-Python-Tornado/4.0.4]
    method: GET
    uri: http://ps.pndsn.com/v1/channel-registration/sub-key/sub-c-33f55052-190b-11e6-bfbc-02ee2ddab7fe/channel-group/channel-groups-tornado-cg?add=channel-groups-tornado-ch1%2Cchannel-groups-tornado-ch2&pnsdk=PubNub-Python-Tornado%2F4.0.4
  response:
    body: {string: '{"status": 200, "message": "OK", "service": "channel-registry",
        "error": false}'}
    headers:
    - !!python/tuple
      - Date
      - ['Wed, 10 Aug 2016 06:58:03 GMT']
    - !!python/tuple
      - Age
      - ['0']
    - !!python/tuple
      - Access-Control-Allow-Origin
      - ['*']
    - !!python/tuple
      - Accept-Ranges
      - [bytes]
    - !!python/tuple
      - Server
      - [Pubnub]
    - !!python/tuple
      - Content-Type
      - [text/javascript; charset="UTF-8"]
    - !!python/tuple
      - Connection
      - [close]
    - !!python/tuple
      - Cache-Control
      - [no-cache]
    - !!python/tuple
      - Access-Control-Allow-Methods
      - [GET]
    - !!python/tuple
      - Content-Length
      - ['79']
    status: {code: 200, message: OK}
    url: http://ps.pndsn.com/v1/channel-registration/sub-key/sub-c-33f55052-190b-11e6-bfbc-02ee2ddab7fe/channel-group/channel-groups-tornado-cg?uuid=87e4cc02-04fe-4864-ab09-52d7b0bc2bc3&pnsdk=PubNub-Python-Tornado%2F4.0.4&add=channel-groups-tornado-ch1,channel-groups-tornado-ch2
- request:
    body: null
    headers:
      Accept-Encoding: [utf-8]
      User-Agent: [PubNub-Python-Tornado/4.0.4]
    method: GET
    uri: http://ps.pndsn.com/v1/channel-registration/sub-key/sub-c-33f55052-190b-11e6-bfbc-02ee2ddab7fe/channel-group/channel-groups-tornado-cg?pnsdk=PubNub-Python-Tornado%2F4.0.4
  response:
    body: {string: '{"status": 200, "payload": {"channels": ["channel-groups-tornado-ch1",
        "channel-groups-tornado-ch2"], "group": "channel-groups-tornado-cg"}, "service":
        "channel-registry", "error": false}'}
    headers:
    - !!python/tuple
      - Date
      - ['Wed, 10 Aug 2016 06:58:04 GMT']
    - !!python/tuple
      - Age
      - ['0']
    - !!python/tuple
      - Access-Control-Allow-Origin
      - ['*']
    - !!python/tuple
      - Accept-Ranges
      - [bytes]
    - !!python/tuple
      - Server
      - [Pubnub]
    - !!python/tuple
      - Content-Type
      - [text/javascript; charset="UTF-8"]
    - !!python/tuple
      - Connection
      - [close]
    - !!python/tuple
      - Cache-Control
      - [no-cache]
    - !!python/tuple
      - Access-Control-Allow-Methods
      - [GET]
    - !!python/tuple
      - Content-Length
      - ['187']
    status: {code: 200, message: OK}
    url: http://ps.pndsn.com/v1/channel-registration/sub-key/sub-c-33f55052-190b-11e6-bfbc-02ee2ddab7fe/channel-group/channel-groups-tornado-cg?uuid=87e4cc02-04fe-4864-ab09-52d7b0bc2bc3&pnsdk=PubNub-Python-Tornado%2F4.0.4
- request:
    body: null
    headers:
      Accept-Encoding: [utf-8]
      User-Agent: [PubNub-Python-Tornado/4.0.4]
    method: GET
    uri: http://ps.pndsn.com/v1/channel-registration/sub-key/sub-c-33f55052-190b-11e6-bfbc-02ee2ddab7fe/channel-group/channel-groups-tornado-cg?pnsdk=PubNub-Python-Tornado%2F4.0.4&remove=channel-groups-tornado-ch1%2Cchannel-groups-tornado-ch2
  response:
    body: {string: '{"status": 200, "message": "OK", "service": "channel-registry",
        "error": false}'}
    headers:
    - !!python/tuple
      - Date
      - ['Wed, 10 Aug 2016 06:58:04 GMT']
    - !!python/tuple
      - Age
      - ['0']
    - !!python/tuple
      - Access-Control-Allow-Origin
      - ['*']
    - !!python/tuple
      - Accept-Ranges
      - [bytes]
    - !!python/tuple
      - Server
      - [Pubnub]
    - !!python/tuple
      - Content-Type
      - [text/javascript; charset="UTF-8"]
    - !!python/tuple
      - Connection
      - [close]
    - !!python/tuple
      - Cache-Control
      - [no-cache]
    - !!python/tuple
      - Access-Control-Allow-Methods
      - [GET]
    - !!python/tuple
      - Content-Length
      - ['79']
    status: {code: 200, message: OK}
    url: http://ps.pndsn.com/v1/channel-registration/sub-key/sub-c-33f55052-190b-11e6-bfbc-02ee2ddab7fe/channel-group/channel-groups-tornado-cg?uuid=87e4cc02-04fe-4864-ab09-52d7b0bc2bc3&remove=channel-groups-tornado-ch1,channel-groups-tornado-ch2&pnsdk=PubNub-Python-Tornado%2F4.0.4
- request:
    body: null
    headers:
      Accept-Encoding: [utf-8]
      User-Agent: [PubNub-Python-Tornado/4.0.4]
    method: GET
    uri: http://ps.pndsn.com/v1/channel-registration/sub-key/sub-c-33f55052-190b-11e6-bfbc-02ee2ddab7fe/channel-group/channel-groups-tornado-cg?pnsdk=PubNub-Python-Tornado%2F4.0.4
  response:
    body: {string: '{"status": 200, "payload": {"channels": [], "group": "channel-groups-tornado-cg"},
        "service": "channel-registry", "error": false}'}
    headers:
    - !!python/tuple
      - Date
      - ['Wed, 10 Aug 2016 06:58:05 GMT']
    - !!python/tuple
      - Age
      - ['0']
    - !!python/tuple
      - Access-Control-Allow-Origin
      - ['*']
    - !!python/tuple
      - Accept-Ranges
      - [bytes]
    - !!python/tuple
      - Server
      - [Pubnub]
    - !!python/tuple
      - Content-Type
      - [text/javascript; charset="UTF-8"]
    - !!python/tuple
      - Connection
      - [close]
    - !!python/tuple
      - Cache-Control
      - [no-cache]
    - !!python/tuple
      - Access-Control-Allow-Methods
      - [GET]
    - !!python/tuple
      - Content-Length
      - ['129']
    status: {code: 200, message: OK}
    url: http://ps.pndsn.com/v1/channel-registration/sub-key/sub-c-33f55052-190b-11e6-bfbc-02ee2ddab7fe/channel-group/channel-groups-tornado-cg?uuid=87e4cc02-04fe-4864-ab09-52d7b0bc2bc3&pnsdk=PubNub-Python-Tornado%2F4.0.4
version: 1
