interactions:
- request:
    body: null
    headers:
      Accept:
      - '*/*'
      Accept-Encoding:
      - gzip, deflate
      Connection:
      - keep-alive
      Content-Length:
      - '0'
      User-Agent:
      - PubNub-Python/6.5.1
    method: DELETE
    uri: https://test.ps.pn/v3/objects/sub-c-test/users/GraceBrewsterMurrayHopper
  response:
    body:
      string: '{"status":200}'
    headers:
      Access-Control-Allow-Credentials:
      - 'true'
      Connection:
      - keep-alive
      Content-Length:
      - '14'
      Content-Type:
      - application/json
      Date:
      - Wed, 07 Sep 2022 15:59:36 GMT
      access-control-allow-origin:
      - '*'
      vary:
      - origin
      - access-control-request-method
      - access-control-request-headers
    status:
      code: 200
      message: OK
- request:
    body: '{"name": "Grace Brewster Murray Hopper", "email": "admiral.grace@user.id",
      "externalId": "None", "profileUrl": "None", "custom": {"dob": "1906-12-09"},
      "status": "legend", "type": "debugger"}'
    headers:
      Accept:
      - '*/*'
      Accept-Encoding:
      - gzip, deflate
      Connection:
      - keep-alive
      Content-Length:
      - '191'
      Content-type:
      - application/json
      User-Agent:
      - PubNub-Python/6.5.1
    method: POST
    uri: https://test.ps.pn/v3/objects/sub-c-test/users/GraceBrewsterMurrayHopper
  response:
    body:
      string: '{"data":{"custom":{"dob":"1906-12-09"},"email":"admiral.grace@user.id","externalId":"None","id":"GraceBrewsterMurrayHopper","name":"Grace
        Brewster Murray Hopper","profileUrl":"None","status":"legend","type":"debugger"},"status":200}'
    headers:
      Access-Control-Allow-Credentials:
      - 'true'
      Connection:
      - keep-alive
      Content-Length:
      - '232'
      Content-Type:
      - application/json
      Date:
      - Wed, 07 Sep 2022 15:59:36 GMT
      access-control-allow-origin:
      - '*'
      vary:
      - origin
      - access-control-request-method
      - access-control-request-headers
    status:
      code: 200
      message: OK
- request:
    body: null
    headers:
      Accept:
      - '*/*'
      Accept-Encoding:
      - gzip, deflate
      Connection:
      - keep-alive
      User-Agent:
      - PubNub-Python/6.5.1
    method: GET
    uri: https://test.ps.pn/v3/objects/sub-c-test/users/GraceBrewsterMurrayHopper
  response:
    body:
      string: '{"data":{"custom":{"dob":"1906-12-09"},"email":"admiral.grace@user.id","externalId":"None","id":"GraceBrewsterMurrayHopper","name":"Grace
        Brewster Murray Hopper","profileUrl":"None","status":"legend","type":"debugger"},"status":200}'
    headers:
      Access-Control-Allow-Credentials:
      - 'true'
      Connection:
      - keep-alive
      Content-Length:
      - '232'
      Content-Type:
      - application/json
      Date:
      - Wed, 07 Sep 2022 15:59:36 GMT
      access-control-allow-origin:
      - '*'
      vary:
      - origin
      - access-control-request-method
      - access-control-request-headers
    status:
      code: 200
      message: OK
- request:
    body: null
    headers:
      Accept:
      - '*/*'
      Accept-Encoding:
      - gzip, deflate
      Connection:
      - keep-alive
      Content-Length:
      - '0'
      User-Agent:
      - PubNub-Python/6.5.1
    method: DELETE
    uri: https://test.ps.pn/v3/objects/sub-c-test/users/GraceBrewsterMurrayHopper
  response:
    body:
      string: '{"status":200}'
    headers:
      Access-Control-Allow-Credentials:
      - 'true'
      Connection:
      - keep-alive
      Content-Length:
      - '14'
      Content-Type:
      - application/json
      Date:
      - Wed, 07 Sep 2022 15:59:36 GMT
      access-control-allow-origin:
      - '*'
      vary:
      - origin
      - access-control-request-method
      - access-control-request-headers
    status:
      code: 200
      message: OK
version: 1
